C_ACCEPT_CONTRACT 58701
C_ACCEPT_GUILD_APPLY 23043
C_ADD_CRYSTAL_COMBINE_MATERIAL 38768
C_ADD_FRIEND 46779
C_ADD_INTER_PARTY_MATCH_POOL 29452
C_ADD_ITEM_TO_VM_BUY_BASKET 35777
C_ADD_ITEM_TO_VM_SELL_BASKET 23849
C_ADD_MATERIAL_AWAKEN 42664
C_ADD_TELEPORT_TO_POS_LIST 56863
C_ADD_TO_TEMPER_MATERIAL_EX 60925
C_ADD_TRADE_BAG 57597
C_ADMIN 44433
C_ADMIN_ADD_CUSTOM_BOOKMARK 26367
C_ADMIN_CHAT_BAN 27987
C_ADMIN_CHECK_USERNAME 62499
C_ADMIN_CHECK_USERNAME_WITH_GAMEID 56031
C_ADMIN_GET_USER_INFO_BY_DBID 64897
C_ADMIN_GET_USER_INFO_LIST_BY_DISTANCE 42833
C_ADMIN_GM_MAPTELEPORT 32013
C_ADMIN_GM_SKILL 38994
C_ADMIN_GM_TELEPORT 59210
C_ADMIN_HOLD_CHARACTER 39033
C_ADMIN_KILL_NPC 47962
C_ADMIN_LOBBY 36336
C_ADMIN_REMOVE_CUSTOM_BOOKMARK 26403
C_ADMIN_REMOVE_NPC 49434
C_ADMIN_REQUEST_CHAT_BAN 45373
C_ADMIN_REQUEST_CUSTOM_BOOKMARK 51908
C_ADMIN_REQUEST_DEFAULT_BOOKMARK 36118
C_ADMIN_REQUEST_USERACTION 48782
C_ADMIN_REQUEST_USERINFO 41085
C_ADMIN_SPAWN_NPC 49656
C_ADMIN_VANISH_PET 55851
C_ADMIN_WARNING_MESSAGE 50334
C_ANS_QUEST_SHARE 26559
C_ANSWER_BANNING_PARTY_MEMBER 63251
C_ANSWER_CODE_HASH 36621
C_APPLY_GUILD 55358
C_APPLY_PARTY 24261
C_APPLY_TITLE 54054
C_ASK_HANCOIN_AMOUNT 61416
C_ASK_INTERACTIVE 23677
C_AVAILABLE_EVENT_MATCHING_LIST 28708
C_AWESOMIUM_WEB_COUNTING 55596
C_BAN_FROM_GROUP_DUEL 50959
C_BAN_PARTY_MEMBER 51659
C_BANISH_GUILD_MEMBER 25439
C_BATTLE_FIELD_BOARD_REQUEST 55383
C_BATTLE_FIELD_CANCEL_OCCUPATION 59847
C_BATTLE_FIELD_HELP 62149
C_BATTLE_FIELD_MAP_ALARM 57638
C_BATTLE_FIELD_POINT_STORE_BUY_ADD_BASKET 41920
C_BATTLE_FIELD_POINT_STORE_BUY_DEL_BASKET 38934
C_BATTLE_FIELD_POINT_STORE_COMMIT 48139
C_BATTLE_FIELD_REWARD 44266
C_BATTLE_FIELD_START_OCCUPATION 45966
C_BETTING_TRY 56525
C_BIND_ITEM_BEGIN_PROGRESS 47418
C_BIND_ITEM_CANCEL 22719
C_BIND_ITEM_EXECUTE 35506
C_BLOCK_USER 57176
C_BOARD_ITEM_LIST 63568
C_BROADCAST_CLIMBING 51249
C_BUY_INGAMESTORE_MONEYPRODUCT 58895
C_BUY_INGAMESTORE_TCATPRODUCT 39211
C_BUY_VILLAGER_BUFF 50659
C_CAN_CREATE_USER 63171
C_CAN_LOCKON_TARGET 48968
C_CANCEL_CHANGE_USER_APPEARANCE 28071
C_CANCEL_CONTRACT 49076
C_CANCEL_DELETE_USER 37022
C_CANCEL_EXIT 62194
C_CANCEL_FIX_VEHICLE 49168
C_CANCEL_LOCKON_TARGET 49696
C_CANCEL_PENDING 26712
C_CANCEL_PREPARE_CHANGE_USER_APPEARANCE 55624
C_CANCEL_QUEST 44687
C_CANCEL_RETURN_TO_LOBBY 35444
C_CANCEL_REVIVE 20698
C_CANCEL_SELECT_CHANNEL 48098
C_CANCEL_SKILL 44108
C_CANCEL_TEMPER 42695
C_CHANGE_CHANNEL_PASSWORD 50007
C_CHANGE_CHARACTER 36165
C_CHANGE_EQUIP_PRESET 56698
C_CHANGE_FRIEND_MEMO 48496
C_CHANGE_GROUP_DUEL_SETTING 33068
C_CHANGE_GUILD_CHIEF 30755
C_CHANGE_GUILDGROUP 41814
C_CHANGE_GUILDNAME 38522
C_CHANGE_ITEM_COLORING_POTION 27273
C_CHANGE_MODE 64908
C_CHANGE_PARTY_MANAGER 29764
C_CHANGE_PARTY_MEMBER_AUTHORITY 35036
C_CHANGE_SERVANT_NAME 49167
C_CHANGE_UNION_MASTERPIECE_SHOP 44589
C_CHANGE_UNION_POLICY 51938
C_CHANGE_USER_NAME 46135
C_CHANGE_VM_MODE 43302
C_CHAT 54025
C_CHAT_REPORT 31252
C_CHECK_CHANGE_GUILDNAME 46997
C_CHECK_EVENT_MATCHING_LIST_CHECKBOX 33183
C_CHECK_EXTRACT 28343
C_CHECK_NEW_GUILDNAME 50945
C_CHECK_TO_READY_PARTY 46002
C_CHECK_TO_READY_PARTY_ANSWER 20546
C_CHECK_TO_START_GUILD_WAR 25696
C_CHECK_UNIDENTIFY_ITEMS 64451
C_CHECK_USERNAME 41968
C_CHECK_VERSION 19900
C_CLEAR_SEND_PARCEL 53193
C_CLOSE_SEND_PARCEL 42395
C_CLOSE_VM 42374
C_COLLECTION_PICKEND 63115
C_COLLECTION_PICKSTART 39981
C_COMBATLOG_USER_INFO_RESET 55135
C_COMMIT_CHANGE_USER_APPEARANCE 58117
C_COMMIT_INGAME_CHANGE_USER_APPEARANCE 59691
C_COMMIT_VM_TRADE 29828
C_COMPLETE_DAILY_EVENT 37604
C_COMPLETE_EXTRA_EVENT 63751
C_COMPLETE_QUEST 54125
C_CONFIRM_UPDATE_NOTIFICATION 47667
C_CREATE_GROUP_DUEL 26139
C_CREATE_GUILDGROUP 22313
C_CREATE_PRIVATE_CHANNEL 57481
C_CREATE_USER 47290
C_CREST_APPLY 46086
C_CREST_APPLY_LIST 21228
C_CREST_DISAPPLY_ALL 53869
C_CRYSTAL_COMBINE_EXECUTE 34350
C_CURRENT_CHANNEL 47331
C_CUSTOM_USER_CUSTOMIZING 23671
C_DECOMPOSE_REGISTER_ITEM 30782
C_DECOMPOSE_UNREGISTER_ITEM 28753
C_DECOMPOSITION_ITEM 20019
C_DEL_CRYSTAL_COMBINE_MATERIAL 24100
C_DEL_FROM_AWAKEN 32748
C_DEL_FROM_TEMPER_MATERIAL 65254
C_DEL_INTER_PARTY_MATCH_POOL 43416
C_DEL_ITEM 28841
C_DEL_TRADE_BAG 45119
C_DELETE_COUPON 54858
C_DELETE_FRIEND 42216
C_DELETE_PARCEL 48941
C_DELETE_TELEPORT_TO_POS_LIST 52536
C_DELETE_USER 48089
C_DESPAWN_BUILD_OBJECT 51582
C_DESTROY_GUILD 41308
C_DIALOG 47540
C_DIALOG_EVENT 37723
C_DISMISS_PARTY 58880
C_DISTRIBUTOR_ANSWER 48837
C_DUEL_CANCEL 40015
C_DUNGEON_CLEAR_COUNT_LIST 42949
C_DUNGEON_COOL_TIME_LIST 45467
C_DUNGEON_RANK_RECORD_LIST 36218
C_DUNGEON_RANK_SEASON_LIST 61687
C_DUNGEON_SUMMON_PARTY 32139
C_EDIT_BLOCKED_USER_MEMO 54906
C_ENCHANT_BOOSTER_DROP_ITEM 56669
C_ENCHANT_BOOSTER_REGISTER_ITEM 59255
C_ENCHANT_BOOSTER_START 40516
C_END_CLIMBING 21145
C_END_CUSTOMIZING_PARTS_SHAPE 45339
C_END_ITEM_BIDDING 60706
C_END_MOVIE 46460
C_END_RESTORE_CUSTOMIZING_PARTS_SHAPE 54356
C_ENTER_BATTLE_FIELD 45173
C_ENTER_DUNGEON 55084
C_ENTER_TELEPORTTERRITORY 32437
C_EQUIP_ITEM 26379
C_EQUIP_ITEM_SET 44321
C_EXECUTE_AWAKEN 53051
C_EXECUTE_TEMPER 20623
C_EXIT 57416
C_EXPAND_INVEN_SIZE 56033
C_EXTEND_PARTY 45942
C_EXTRACT_REGISTER_ITEM 34109
C_EXTRACT_UNREGISTER_ITEM 64970
C_FACIAL_ATTACHMENT 46833
C_FINDNAME 43762
C_GACHA_CANCEL 62106
C_GACHA_TRY 45926
C_GAMBLE_CANCEL 41240
C_GAMBLE_CHANGE_BET_ITEM 30913
C_GAMBLE_GO 53205
C_GAMBLE_STOP 49604
C_GAMBLE_TRY 50835
C_GET_AOI_INFO 61827
C_GET_GUILD_HISTORY 57486
C_GET_GUILD_WARE_HISTORY 26148
C_GET_IN_SHUTTLE 37733
C_GET_OUT_SHUTTLE 45175
C_GET_USER_LIST 43308
C_GET_WARE_ITEM 52565
C_GIVE_UP_GUILD_WAR 54063
C_GROUP_DUEL_ADD_BETTING_ITEM 28975
C_GROUP_DUEL_BETTING 59143
C_GROUP_DUEL_BETTING_MONEY 63658
C_GROUP_DUEL_CHANGE_REPRESENT 21174
C_GROUP_DUEL_DEL_BETTING_ITEM 41581
C_GROUP_DUEL_RECORD 59984
C_GUARD_PK_POLICY 43884
C_GUILD_APPLY_LIST 45743
C_GUILD_LEVELUP_CHANGE 55462
C_HARDWARE_INFO 21335
C_HIT_USER_PROJECTILE 46784
C_INGAME_CHANGE_USER_APPEARANCE_CANCEL 27509
C_INGAME_CHANGE_USER_APPEARANCE_TRY 23611
C_INVENTORY_AUTO_SORT 47511
C_ITEM_COLORING_ADD_ITEM 31613
C_ITEM_COLORING_REMOVE_ITEM 44234
C_ITEM_COLORING_SET_COLOR 44199
C_ITEMSYNTHESIZER_REQUEST_ADD_MATERIAL 49387
C_ITEMSYNTHESIZER_REQUEST_CANCEL 28787
C_ITEMSYNTHESIZER_REQUEST_DROP_MATERIAL 62095
C_ITEMSYNTHESIZER_REQUEST_START 59347
C_JOIN_GROUP_DUEL 60277
C_JOIN_PRIVATE_CHANNEL 50958
C_JOIN_UNION 37121
C_KICK_CHANNEL_MEMBER 30021
C_LEAVE_GROUP_DUEL 53415
C_LEAVE_GUILD 30223
C_LEAVE_PARTY 58535
C_LEAVE_PRIVATE_CHANNEL 57621
C_LEAVE_TELEPORTTERRITORY 40105
C_LEAVE_UNION 47059
C_LIST_CHANNEL 49035
C_LIST_PARCEL 60056
C_LOAD_TOPO_FIN 53455
C_LOGIN_ARBITER 39665
C_LOGIN_WORLD 23328
C_LORD_ACHIEVEMENT_ACCOMPLISHED_LIST 26595
C_LORD_CALC_TAX 61728
C_LORD_CANDIDATE_LIST 45422
C_LORD_CANDIDATE_PLEDGE 51174
C_LORD_CHANGE_GREETINGS 37494
C_LORD_CHANGE_POLICY 24516
C_LORD_GUARD_INFO 44179
C_LORD_RANK_INFO 54260
C_LORD_REGISTER 45852
C_LORD_REGISTER_INFO 44463
C_LORD_TAX_SET 32280
C_LORD_VOTE 48095
C_LORD_VOTE_CANDIDATE_LIST 59459
C_MAIN_MENU_COMMAND 33457
C_MAIN_MENU_COMMAND_EXEC 51166
C_MAKE_ITEM_DEPRECATED 48199
C_MAKE_MONEY_DEPRECATED 60668
C_MEDAL_STORE_BUY_ADD_BASKET 44550
C_MEDAL_STORE_BUY_DEL_BASKET 36996
C_MEDAL_STORE_COMMIT 49351
C_MERGE_ITEM 58148
C_MERGE_ITEM_EXECUTE 43414
C_MERGE_PARTY_TO_RAID 65101
C_MOUNT_VEHICLE_EX 43156
C_MOVE_INVEN_POS 65286
C_MOVE_SLOT_IN_GROUP_DUEL 59133
C_MOVE_WARE_POS 47321
C_NOTIFY_LOCATION_IN_ACTION 23397
C_NOTIFY_SPIRIT_LOCATION_IN_ACTION 40815
C_NOTIMELINE_SKILL 42348
C_NPC_CONTACT 63850
C_NPCGUILD_LIST 34895
C_OP_COMMAND 55723
C_PARCEL_READ_RECV_STATUS 52943
C_PARCEL_REPORT 24708
C_PARTY_APPLICATION_DENIED 33604
C_PARTY_LOOTING_METHOD 51980
C_PARTY_LOOTING_METHOD_VOTE 22233
C_PARTY_MARKER 65414
C_PARTY_MATCH_WINDOW_CLOSED 22700
C_PARTY_NOTIFY_MY_POSITION 41954
C_PAY_WAREHOUSE_COMMISION 38516
C_PCBANGINVENTORY_USE_SLOT 34179
C_PDH_QUERY 59745
C_PET_EQUIP 51786
C_PET_INCUBATOR_GET 48434
C_PET_INCUBATOR_PUT 24503
C_PET_INCUBATOR_START 21284
C_PET_INCUBATOR_TAKEALL 30282
C_PET_ORB_ATTACH 53126
C_PET_ORB_DELETE 33054
C_PET_REPAIR 41503
C_PET_UNEQUIP 58520
C_PET_USE_ORB 47680
C_PETITION_CANCEL 60519
C_PETITION_CHAT_USER_MESSAGE 29447
C_PETITION_CHECK_CREATABLE 43639
C_PETITION_CHECK_SURVEYABLE 57779
C_PETITION_COMPLETE_CONFIRM 50232
C_PETITION_CREATE 53948
C_PETITION_FEEDBACK 34333
C_PING 60961
C_PK_DECLARE 35063
C_PLAY_EXECUTE_TEMPER 47987
C_PLAY_TIME 63839
C_PLAYER_LOCATION 55976
C_POINT_STORE_BUY_ADD_BASKET 20233
C_POINT_STORE_BUY_DEL_BASKET 34575
C_POINT_STORE_COMMIT 58302
C_POLITICS_POINT_STORE_BUY_ADD_BASKET 62580
C_POLITICS_POINT_STORE_BUY_DEL_BASKET 63635
C_POLITICS_POINT_STORE_COMMIT 48498
C_PONG 40559
C_PREMIUM_COMPOSE_ADD_ITEM 62744
C_PREMIUM_COMPOSE_CANCEL 32541
C_PREMIUM_COMPOSE_DEL_ITEM 45918
C_PREMIUM_COMPOSE_RESET 35987
C_PREMIUM_COMPOSE_TRY 47394
C_PREPARE_WORKOBJECT 40995
C_PRESS_SKILL 44219
C_PREVIEW_ITEM 32049
C_PROMOTION_CANCEL 21203
C_PROMOTION_INFO 63045
C_PROMOTION_RESET 44348
C_PROMOTION_START 65364
C_PUT_INTO_PRISON 65302
C_PUT_WARE_ITEM 56091
C_QUERY_COIN 47246
C_RANDOM_PASSIVE_LOCK 21406
C_RECOMMEND_GUILD 32713
C_RECOMMEND_USER_GUILD 61411
C_RECV_PARCEL 54242
C_REGIST_CUSTOMIZING_PARTS_SHAPE_ITEM 36548
C_REGISTER_PARTY_INFO 20207
C_REGISTER_VM_BUY_ITEM 42564
C_REGISTER_VM_SELL_ITEM 58128
C_REIGN_INFO 27531
C_REJECT_CONTRACT 49593
C_RELEASE_FROM_PRISON 42496
C_REMOVE_BLOCKED_USER 48612
C_REMOVE_COLORING_POTION 61613
C_REMOVE_GUILDGROUP 31734
C_REMOVE_ITEM_FROM_VM_BUY_BASKET 45491
C_REMOVE_ITEM_FROM_VM_SELL_BASKET 56930
C_RENAME_TELEPORT_TO_POS_LIST 57617
C_REPLY_INTER_PARTY_MAKE 27530
C_REPLY_TELEPORT 63187
C_REPLY_TELEPORT_NEAR_TOWN 48478
C_REPLY_TELEPORT_WALK_THROUGH 48619
C_REPLY_THROUGH_ARBITER_CONTRACT 43613
C_REQUEST_ACHIEVEMENT_LIST 50292
C_REQUEST_ADD_UNION_POST_COMMAND_MARKER 20753
C_REQUEST_ARENA_BETTING_INFO 27128
C_REQUEST_BATTLE_FIELD_CHAT_BAN 64616
C_REQUEST_BATTLE_FIELD_PARTY_MARKER 45744
C_REQUEST_BATTLE_FIELD_PARTY_MARKER_CLEAR 60863
C_REQUEST_CANDIDATE_LIST 65502
C_REQUEST_CHANGE_CHARACTER_NAME 63109
C_REQUEST_CHANNEL_INFO 50627
C_REQUEST_CONTRACT 59834
C_REQUEST_COOLTIME_TO_JOIN_GUILD 52011
C_REQUEST_COUPON_DATA 47544
C_REQUEST_COUPON_LIST 64645
C_REQUEST_DICE_THROW 20425
C_REQUEST_GAMESTAT_PING 48850
C_REQUEST_GUILD_INFO_BEFORE_APPLY_GUILD 63141
C_REQUEST_GUILD_LIST 32770
C_REQUEST_GUILD_LIST_PAGE 24387
C_REQUEST_GUILD_LIST_SORT 34164
C_REQUEST_IMAGE_DATA 57930
C_REQUEST_INGAMESTORE_PRODUCT_DETAIL 40665
C_REQUEST_ITEM_COLORING_VALUE 34292
C_REQUEST_LATEST_UPDATE_NOTIFICATION 62624
C_REQUEST_MY_PARTY_MATCH_INFO 30874
C_REQUEST_NONDB_ITEM_INFO 21361
C_REQUEST_PARTY_INFO 30838
C_REQUEST_PARTY_MATCH_INFO 34794
C_REQUEST_PARTY_MATCH_INFO_PAGE 43878
C_REQUEST_PARTY_MATCH_LINK 32599
C_REQUEST_PERF 34839
C_REQUEST_PING 53837
C_REQUEST_REFRESH_GUILD_DATA 45846
C_REQUEST_RENAME_GUILD 51627
C_REQUEST_RET_VILLAGE_INFO 25473
C_REQUEST_RIGHT_ITEM_LIST 31862
C_REQUEST_ROUND_PVE_SKILL_LIST 29548
C_REQUEST_SHARE_QUEST 26128
C_REQUEST_TOKEN_TARGET_ITEM 37930
C_REQUEST_UNION_POST_BATTLE_RESULT 48804
C_REQUEST_UPDATE_INTRODUCE 55343
C_REQUEST_UPDATE_NOTICE 36221
C_REQUEST_USABLE_CHARACTER_NAME 37659
C_REQUEST_USABLE_GUILD_NAME 31405
C_REQUEST_USER_ITEMLEVEL_INFO 63640
C_REQUEST_USER_PAPERDOLL_INFO 42819
C_REQUEST_USER_PAPERDOLL_INFO_WITH_GAMEID 49389
C_REQUEST_WRITE_BOARD 23939
C_RESET_ALL_DUNGEON 59378
C_RESTORE_CUSTOMIZING_PARTS_SHAPE 43057
C_RETURN_PARCEL 59738
C_RETURN_TO_LOBBY 30745
C_REUQUEST_JOINED_CHANNEL_LIST 48272
C_REVIVE_NOW 51806
C_REWRITE_ITEM_STRING 20014
C_RIDE_PEGASUS 45610
C_ROLLBACK_QUEST 42971
C_ROUND_PVE_SKILL_SELECT 35468
C_SAVE_CHAT_SETTING 47228
C_SAVE_CLIENT_ACCOUNT_SETTING 55663
C_SAVE_CLIENT_USER_SETTING 23993
C_SELECT_CHANNEL 53271
C_SELECT_EVENT_MATCHING 38356
C_SELECT_USER 52042
C_SEND_PARCEL 43400
C_SERVANT_ABILITY 53792
C_SERVER_TIME 59057
C_SET_GUILD_JOIN_ACCEPT 34054
C_SET_GUILDGROUP_AUTHORITY 51886
C_SET_GUILDWAR_ACCEPTABLE 65306
C_SET_ITEM_STRING 21880
C_SET_POS 51622
C_SET_RECIPE_BOOKMARK 34404
C_SET_SEND_PARCEL_ITEM 55316
C_SET_SEND_PARCEL_MONEY 30298
C_SET_SEND_PARCEL_TYPE 59449
C_SET_TARGET_INFO 52096
C_SET_VISIBLE_RANGE 59332
C_SETTLE_UP_BUY_VM 41670
C_SETTLE_UP_SELL_VM 26081
C_SHOW_AWESOMIUMWEB_SHOP 46988
C_SHOW_INVEN 28489
C_SHOW_ITEM_TOOLTIP 31569
C_SHOW_ITEM_TOOLTIP_EX 61861
C_SHOW_PARCEL_MESSAGE 27647
C_SHOW_PETMANAGER 41961
C_SHOW_QUEST_INFO_DIALOG 48195
C_SHOW_STYLE 29057
C_SHOW_TRADE_ITEM 63496
C_SHOW_TRADE_LOG 46091
C_SIMPLE_TIP_REPEAT_CHECK 55520
C_SKILL_LEARN_LIST 56504
C_SKILL_LEARN_REQUEST 47923
C_SLASH_COMMAND 42974
C_SOCIAL 47354
C_SPAWN_BUILD_OBJECT 52422
C_START_CLIMBING 45308
C_START_COMBO_INSTANT_SKILL 57475
C_START_COMMANDER_SKILL 37527
C_START_CUSTOMIZING_PARTS_SHAPE 21093
C_START_DECOMPOSE 42608
C_START_DRIVE_AIRSHIP 29882
C_START_EXTRACT 59538
C_START_FIX_VEHICLE 47164
C_START_GUILD_WAR 41115
C_START_INSTANCE_SKILL 27363
C_START_PRODUCE 36023
C_START_SKILL 53686
C_START_SKILL_BY_VEHICLE_EX 22776
C_START_TARGETED_SKILL 34729
C_START_VM_BUY 33125
C_START_VM_SELL 54178
C_STOP_VM 58150
C_STORE_BUY_ADD_BASKET 47432
C_STORE_BUY_DEL_BASKET 59821
C_STORE_COMMIT 38500
C_STORE_SELL_ADD_BASKET 42685
C_STORE_SELL_DEL_BASKET 25495
C_STR_EVALUATE_LIST 53451
C_SUGGEST_DARK_RIFT_PARTY_MATCHING 35509
C_SUGGEST_UNION_POST_PARTY_MATCHING 36685
C_SURVEY_ANSWER 51561
C_SWAP_PARTY 49493
C_TEL_CAMP 58076
C_TELEPORT_TO_CAMP 29730
C_TELEPORT_TO_POS 65015
C_TELEPORT_TO_VILLAGE 37024
C_TOGGLE_GROUP_DUEL_READY 42887
C_TOGGLE_GROUP_DUEL_SLOT 41545
C_TOGGLE_TASK_INFO_WINDOW 60715
C_TRADE_BAG_CLOSE 40869
C_TRADE_BAG_DONE 38157
C_TRADE_BROKER_BOUGHT_ITEM_LIST 60188
C_TRADE_BROKER_BUY_IT_NOW 34422
C_TRADE_BROKER_CALC_BOUGHT_ITEM 51885
C_TRADE_BROKER_CALC_SOLD_ITEM 32484
C_TRADE_BROKER_CLOSE 55025
C_TRADE_BROKER_DEAL_CONFIRM 24744
C_TRADE_BROKER_DEAL_PRICE_UPDATE 57635
C_TRADE_BROKER_HIGHEST_ITEM_LEVEL 44604
C_TRADE_BROKER_HISTORY_ITEM_LIST_NEW 48107
C_TRADE_BROKER_HISTORY_ITEM_LIST_PAGE 32458
C_TRADE_BROKER_HISTORY_ITEM_LIST_SORT 43901
C_TRADE_BROKER_INPUT_PRICE 42382
C_TRADE_BROKER_REGISTER_ITEM 64542
C_TRADE_BROKER_REGISTERED_ITEM_LIST 49064
C_TRADE_BROKER_REJECT_SUGGEST 23020
C_TRADE_BROKER_SOLD_ITEM_LIST 23426
C_TRADE_BROKER_SUGGEST_DEAL 50015
C_TRADE_BROKER_UNREGISTER_ITEM 33018
C_TRADE_BROKER_WAITING_ITEM_LIST_NEW 24747
C_TRADE_BROKER_WAITING_ITEM_LIST_PAGE 62214
C_TRADE_BROKER_WAITING_ITEM_LIST_SORT 55756
C_TRY_ITEM_BIDDING 37070
C_TRY_LOOT_DROPITEM 46027
C_UNBIND_ITEM 49461
C_UNEQUIP_ITEM 26652
C_UNIDENTIFY_EXECUTE 23061
C_UNION_CHANGE_NOTICE 35128
C_UNION_CHANGE_POLICYINFO 46937
C_UNION_CHANGE_TAXRATE 30622
C_UNION_COMPETITION 28256
C_UNION_CONSUL_AUTHORITY_INFO 22871
C_UNION_CP_STORE_BUY_ADD_BASKET 32968
C_UNION_CP_STORE_BUY_DEL_BASKET 35212
C_UNION_CP_STORE_COMMIT 30115
C_UNION_GET_MYHISTORY 21312
C_UNION_MYUNION 54775
C_UNION_MYUNION_CONSUL_SKILL_LIST 40892
C_UNION_POLITICAL_INFO 37542
C_UNION_PRE_CONSUL_LIST 51381
C_UNION_SHARE_MONEY 59391
C_UNION_SHARE_MONEY_CONFIRM 31166
C_UNION_SHARE_POINT 58517
C_UNION_START_SKILL 45368
C_UNION_SUMMARY 38125
C_UNION_TAX_WITHDRAW 43028
C_UNMOUNT_VEHICLE 64193
C_UNMOUNT_VEHICLE_EX 46927
C_UNREGIST_CUSTOMIZING_PARTS_SHAPE_ITEM 59303
C_UNREGISTER_PARTY_INFO 40208
C_UNREGISTER_VM_BUY_ITEM 52241
C_UNREGISTER_VM_SELL_ITEM 31732
C_UPDATE_CONTENTS_PLAYTIME 41262
C_UPDATE_FRIEND_INFO 22664
C_UPDATE_GUILD_LOGO 38640
C_UPDATE_GUILD_PROMOTION 58992
C_UPDATE_GUILD_TITLE 51745
C_UPDATE_MY_DESCRIPTION 48591
C_USE_COUPON 23156
C_USE_ITEM 44340
C_USE_RIGHT_ITEM 42434
C_USER_AIM 27637
C_USER_REPORT 39150
C_VEHICLE_EX_ARROW_HIT 25571
C_VEHICLEEX_LOCATION 36248
C_VIEW_BATTLE_FIELD_RANKING 34327
C_VIEW_BATTLE_FIELD_RANKING_SERVER_LIST 45913
C_VIEW_BATTLE_FIELD_RESULT 46003
C_VIEW_COMBINE_BATTLE_FIELD_RANKING 53368
C_VIEW_GUILD_WAR 56982
C_VIEW_INTER_PARTY_MATCH_BATTLEFIELD_LIST 57785
C_VIEW_INTER_PARTY_MATCH_DUNGEON_LIST 60030
C_VIEW_MY_GUILD_WAR 48221
C_VIEW_UNION_INFO 62869
C_VIEW_WARE 50608
C_VISIT_NEW_SECTION 37674
C_VOTE_DISMISS_PARTY 50270
C_VOTE_HISTORY 43008
C_VOTE_RESET_ALL_DUNGEON 55876
C_WATCHED_MOVIES 31295
C_WHISPER 55697
C_WRITE_BOARD 29932
S_ABNORMALITY_BEGIN 58727
S_ABNORMALITY_DAMAGE_ABSORB 47866
S_ABNORMALITY_END 33551
S_ABNORMALITY_EXTRA 26954
S_ABNORMALITY_FAIL 41380
S_ABNORMALITY_PC_SCALE_UP 64588
S_ABNORMALITY_REFRESH 63439
S_ABNORMALITY_RESIST 31056
S_ACCEPT_CONTRACT 37976
S_ACCOMPLISH_ACHIEVEMENT 36357
S_ACCOUNT_BENEFIT_LIST 22806
S_ACCOUNT_PACKAGE_LIST 59204
S_ACTION_END 37824
S_ACTION_STAGE 50854
S_ACTIVATE_BATTLE_FIELD_CHAT_BAN 49041
S_ADD_BLOCKED_USER 63608
S_ADD_CHARM_STATUS 47836
S_ADD_CRYSTAL_COMBINE_MATERIAL 46789
S_ADD_FRIEND 43943
S_ADD_GUILD_GROUP 27511
S_ADD_GUILD_MEMBER 43895
S_ADD_INTER_PARTY_MATCH_POOL 40140
S_ADD_NEW_EVENT_MATCHING_QUEST 65172
S_ADD_TO_TEMPER_MATERIAL_EX 54953
S_ADD_TRADE_BAG 64866
S_ADD_UNION_POST_COMMAND_MARKER 23116
S_ADMIN_CHECK_USERNAME 38804
S_ADMIN_CUSTOM_BOOKMARK_LIST 22242
S_ADMIN_DEFAULT_BOOKMARK_LIST 58627
S_ADMIN_DELETE_QUEST 30038
S_ADMIN_GET_USER_INFO_BY_DBID 51774
S_ADMIN_GET_USER_INFO_LIST_BY_DISTANCE 39437
S_ADMIN_GET_USERINFO_INVEN 27248
S_ADMIN_GET_USERINFO_PAPERDOLL 34447
S_ADMIN_GET_USERINFO_QUEST 33756
S_ADMIN_GET_USERINFO_SKILL 62809
S_ADMIN_GET_USERINFO_WAREHOUSE 59300
S_ADMIN_GM_SKILL 53544
S_ADMIN_HOLD_CHARACTER 65100
S_ADMIN_NOTICE 50437
S_ADMIN_PRIVILEGE 53052
S_ADMIN_WARNING_MESSAGE 57483
S_AERO 25039
S_ANNOUNCE_UPDATE_NOTIFICATION 34824
S_ANSWER_INTERACTIVE 21677
S_APPLY_TITLE 55573
S_ARENA_END_FIGHT 37082
S_ARENA_FIGHT_ABNORMALITY_BEGIN 55370
S_ARENA_FIGHT_ABNORMALITY_END 30833
S_ARENA_FIGHT_ABNORMALITY_REFRESH 27781
S_ARENA_FIGHTER_CHANGE_HP 52820
S_ARENA_OPTIMIZATION 45153
S_ARENA_RESULT 30102
S_ARENA_START_FIGHT 34646
S_ARTISAN_RECIPE_LIST 42229
S_ARTISAN_SKILL_LIST 44028
S_ASK_BANNING_PARTY_MEMBER 34980
S_ASK_BIDDING_RARE_ITEM 51984
S_ASK_CODE_HASH 43255
S_ASK_EXPAND_INVEN_SIZE 50145
S_ASK_INTER_PARTY_MAKE 50405
S_ASK_QUEST_SHARE 27804
S_ASK_TELEPORT 55690
S_AVAILABLE_EVENT_MATCHING_LIST 41060
S_AVAILABLE_SOCIAL_LIST 46527
S_AWAKEN_RESULT 36202
S_AWESOMIUM_DEBUG_MODE 48009
S_BAN_PARTY 50248
S_BAN_PARTY_MEMBER 48138
S_BANISH_GUILD_MEMBER 26870
S_BATTLE_FIELD_ADD_SCORE 58788
S_BATTLE_FIELD_CANCEL_OCCUPATION 39387
S_BATTLE_FIELD_CHANGE_NPC_HP_EVENT 53248
S_BATTLE_FIELD_CHAT_BAN_INFO 41045
S_BATTLE_FIELD_END_OCCUPATION 49471
S_BATTLE_FIELD_ENTRANCE_INFO 55870
S_BATTLE_FIELD_HELP 47624
S_BATTLE_FIELD_JACKPOT_EVENT_START 42298
S_BATTLE_FIELD_MAP_ALARM 33986
S_BATTLE_FIELD_NPC_KILL_EVENT 44012
S_BATTLE_FIELD_PARTY_MARKER 54019
S_BATTLE_FIELD_PARTY_MARKER_CLEAR 61503
S_BATTLE_FIELD_POINT_STORE_BASKET 37343
S_BATTLE_FIELD_POINT_STORE_SELL_LIST 20097
S_BATTLE_FIELD_RESULT 48488
S_BATTLE_FIELD_SCORE 49915
S_BATTLE_FIELD_SEASON_RANKER 57059
S_BATTLE_FIELD_START_OCCUPATION 47265
S_BATTLE_FIELD_STATE 45601
S_BATTLE_FIELD_STRONGHOLD_EVENT 58447
S_BATTLE_FIELD_STRONGHOLD_NONE_STATE 41713
S_BATTLE_FIELD_STRONGHOLD_STATE 29398
S_BATTLE_FIELD_TEAM_MEMBERS_POS_INFO 44126
S_BATTLE_FIELD_USER_ASSIST_EVENT 56196
S_BATTLE_FIELD_USER_KILL_EVENT 33056
S_BATTLE_FIELD_USER_LOAD_INFO 49195
S_BEGIN_THROUGH_ARBITER_CONTRACT 25292
S_BETTING_INFO 44410
S_BETTING_START 51692
S_BIND_ITEM_BEGIN 49860
S_BIND_ITEM_END 53132
S_BOARD_ITEM_LIST 46835
S_BONFIRE_CHARM_ADDED 47090
S_BONFIRE_CHARM_BURNED 50589
S_BONFIRE_STATUS 21781
S_BOSS_BATTLE_INFO 48264
S_BOSS_GAGE_INFO 56878
S_BOSS_GAGE_STACK_INFO 59003
S_BROADCAST_CLIMBING 35596
S_BUY_INGAMESTORE_MONEYPRODUCT 47966
S_BYE_PET 43465
S_CAMERA_SHAKE 36780
S_CAN_CREATE_USER 65088
S_CAN_LOCKON_TARGET 33916
S_CANCEL_CONTRACT 37455
S_CANCEL_DELETE_USER 49948
S_CANCEL_EXIT 59818
S_CANCEL_PARTY_LOOTING_METHOD_VOTE 24598
S_CANCEL_PARTY_MATCH_POOL 35994
S_CANCEL_PARTY_MEMBER_BAN 56514
S_CANCEL_PREPARE_CHANGE_USER_APPEARANCE 51613
S_CANCEL_QUEST_SHARE 60094
S_CANCEL_RETURN_TO_LOBBY 63742
S_CANCEL_SELECT_CHANNEL 47258
S_CANCEL_VOTE_DISMISS_PARTY 42988
S_CANCEL_VOTE_RESET_ALL_DUNGEON 41643
S_CANNON_BATTLE_FIELD_BOARD 29614
S_CANNON_BATTLE_FIELD_CRASH_DOOR 31606
S_CANNON_BATTLE_FIELD_GUARDTOWER_STATUS 51144
S_CANNON_BATTLE_FIELD_RESULT 46696
S_CANNON_BATTLE_FIELD_STRONGHOLD_INFO 43280
S_CANNOT_EQUIP_SAMEKIND 41042
S_CANNOT_START_SKILL 38000
S_CANNOT_USE_CHAT_CHANNEL 59021
S_CHANGE_CHARACTER 44423
S_CHANGE_DESTPOS_PROJECTILE 57652
S_CHANGE_EVENT_MATCHING_STATE 31802
S_CHANGE_GUILD_CHIEF 63589
S_CHANGE_GUILDNAME 32341
S_CHANGE_LOOT_ITEM_AMOUNT 39712
S_CHANGE_MODE 22509
S_CHANGE_NAME_STRING 25701
S_CHANGE_PARTY_MANAGER 38271
S_CHANGE_PARTY_MEMBER_AUTHORITY 24682
S_CHANGE_PK_INFO 35678
S_CHANGE_RELATION 34833
S_CHANGE_SERVANT_ENERGY 45755
S_CHANGE_SERVANT_NAME 39123
S_CHANGE_UNION_MASTERPIECE_SHOP 61661
S_CHANGE_USER_NAME_RESULT 40752
S_CHANGE_VOICE_USE_QAC 56326
S_CHAPTERHOUSE_QUEST_LIST 24359
S_CHAT 63188
S_CHAT_REPORT 54413
S_CHECK_CHANGE_GUILDNAME 50622
S_CHECK_EXTRACT 51848
S_CHECK_NEW_GUILDNAME 30716
S_CHECK_TO_READY_PARTY 55782
S_CHECK_TO_READY_PARTY_FIN 41483
S_CHECK_TO_START_GUILD_WAR 56274
S_CHECK_UNIDENTIFY_ITEMS 23593
S_CHECK_USERNAME 34056
S_CHECK_VERSION 19901
S_CLEAR_ALL_HOLDED_ABNORMALITY 47908
S_CLEAR_QUEST_INFO 54661
S_CLEAR_WORLD_QUEST_VILLAGER_INFO 63222
S_CLOSE_VM_SETTING_WINDOW 55160
S_COLLECTION_PICKEND 61967
S_COLLECTION_PICKSTART 51941
S_COLLECTION_PROGRESS 54752
S_COMBATLOG_ADD_VALUE 27926
S_COMBATLOG_COMBAT_ENGAGED_MONSTER_LIST 63609
S_COMBATLOG_CURRENT_AGGRO_LIST 57711
S_COMBATLOG_START 24253
S_COMBATLOG_USER_INFO 26538
S_COMPLETE_EVENT_MATCHING_QUEST 38174
S_COMPLETE_LOOP_QUEST 60282
S_COMPLETE_QUEST 61167
S_COMPLETE_VOTE 32424
S_COMPLETED_MISSION_INFO 45508
S_CONTENTS_TIMER 53134
S_CONTROL_DOOR 50844
S_COUNTDOWN_GROUP_DUEL 45521
S_COUPON_DATA 64056
S_COUPON_LIST 26949
S_COUPON_NOTIFY 25180
S_CREATE_GUILD_RESULT 37581
S_CREATE_PRIVATE_CHANNEL 45393
S_CREATE_USER 51551
S_CREATURE_CHANGE_HP 64038
S_CREATURE_LIFE 36999
S_CREATURE_ROTATE 20787
S_CREST_APPLY 50704
S_CREST_ASK_DISAPPLY_ALL 22753
S_CREST_CHANGE_FAIL 25547
S_CREST_INFO 37144
S_CREST_MESSAGE 33501
S_CRYSTAL_COMBINE_RESULT 54357
S_CURRENT_CHANNEL 20432
S_CURRENT_ELECTION_STATE 21370
S_CUSTOM_MESSAGE 30876
S_CUSTOMIZING_PARTS_SHAPE_ITEM_LIST 27835
S_DAILY_QUEST_COMPLETE_COUNT 57397
S_DARK_RIFT_AVAILABLE_QUEST_USER_COUNT 38579
S_DARK_RIFT_CHANGE_AREA_WORLD_NOTI 40610
S_DARK_RIFT_CLEAR_MAP_MARKER_WORLD_NOTI 40464
S_DARK_RIFT_DESPAWN_WORLD_NOTI 20055
S_DARK_RIFT_JOIN_LIST 50560
S_DARK_RIFT_PROGRESS_STEP_WORLD_NOTI 24413
S_DARK_RIFT_QUEST_INFO 40499
S_DARK_RIFT_RESERVE_MAP_MARKER_WORLD_NOTI 60807
S_DARK_RIFT_SPAWN_WORLD_NOTI 46935
S_DECOMPOSE_REGISTERED_ITEM 53237
S_DECOMPOSITION_ITEM_RESULT 30297
S_DEFAULT_ANIM_CHANGE 31860
S_DEFEND_SUCCESS 35545
S_DEL_CRYSTAL_COMBINE_MATERIAL 39557
S_DEL_INTER_PARTY_MATCH_POOL 44343
S_DEL_TRADE_BAG 46556
S_DELETE_COUPON 31314
S_DELETE_FRIEND 63281
S_DELETE_NPC_FROM_MAP 41883
S_DELETE_PARCEL 62586
S_DELETE_QUEST 54623
S_DELETE_USER 42490
S_DESPAWN_BONFIRE 46804
S_DESPAWN_BUILD_OBJECT 49580
S_DESPAWN_COLLECTION 50163
S_DESPAWN_DARK_RIFT_CLOUD 38686
S_DESPAWN_DOOR 34003
S_DESPAWN_DROPITEM 62022
S_DESPAWN_EVENT_SEED 51952
S_DESPAWN_GAMBLE_BOX 58162
S_DESPAWN_NPC 47411
S_DESPAWN_PET 62785
S_DESPAWN_PROJECTILE 54964
S_DESPAWN_SERVANT 52064
S_DESPAWN_SHUTTLE 61885
S_DESPAWN_USER 51791
S_DESPAWN_WORKOBJECT 28947
S_DESTROY_GUILD 64209
S_DIALOG 51699
S_DIALOG_CLOSE 46172
S_DIALOG_EVENT 60110
S_DISTRIBUTOR_DATA 61673
S_DONE_TEL_CAMP 50647
S_DUEL_END 50713
S_DUEL_START 26640
S_DUEL_TAG 39731
S_DUEL_TIME 36509
S_DUNGEON_CLEAR 40472
S_DUNGEON_CLEAR_COUNT_LIST 51742
S_DUNGEON_COOL_TIME_LIST 46180
S_DUNGEON_NEWBIE 41730
S_DUNGEON_RANK_END_POINT 28174
S_DUNGEON_RANK_END_TIME 46840
S_DUNGEON_RANK_MESSAGE 27358
S_DUNGEON_RANK_RECORD_LIST 61230
S_DUNGEON_RANK_RECORDER 52244
S_DUNGEON_RANK_SEASON_LIST 45377
S_DUNGEON_STATUS 20383
S_DUNGEON_SUMMON_PARTY 44552
S_DUNGEON_TIMER 43384
S_EACH_SKILL_RESULT 59084
S_EMITTER 37009
S_EMITTER_SET_Z 34516
S_EMPTY_GUILD_WINDOW 52883
S_ENABLE_CHARM_STATUS 45160
S_ENABLE_DISABLE_SELLABLE_ITEM_LIST 62267
S_ENCHANT_BOOSTER_DROP_ITEM 35512
S_ENCHANT_BOOSTER_REGISTER_ITEM 61170
S_ENCHANT_BOOSTER_STATUS 28779
S_ENCHANT_BOOSTER_SUCCESS 21678
S_ENCHANT_SCROLL_RESULT 53302
S_END_CHANGE_USER_APPEARANCE 32210
S_END_CHAT_BAN 40382
S_END_CUSTOMIZING_PARTS_SHAPE 44456
S_END_DRIVE_AIRSHIP 50418
S_END_FIX_VEHICLE 25641
S_END_GUILD_WAR 48639
S_END_LEVEL_COMPENSATION 41396
S_END_PEGASUS 30611
S_END_RESTORE_CUSTOMIZING_PARTS_SHAPE 45996
S_END_THROUGH_ARBITER_CONTRACT 58984
S_END_USER_PROJECTILE 48998
S_ENEMY_BATTLE_FIELD_COMMANDER_CHANGED 62989
S_EQUIP_ITEM 48524
S_EQUIP_ITEM_SET 41136
S_EVENT_INFO 60707
S_EVENT_QUEST_SUMMARY 49284
S_EXIT 27904
S_EXTRACT_REGISTERED_ITEM 39933
S_F2P_PremiumUser_Permission 52921
S_FACIAL_ATTACHMENT_BROADCAST 63882
S_FAIL_CHARM_STATUS 22568
S_FAIL_LOOT_NON_OWNERSHIP 44641
S_FATIGABILITY_POINT 33936
S_FEARMOVE_END 59767
S_FEARMOVE_STAGE 42000
S_FESTIVAL_LIST 25159
S_FEUDAL_LORD_FLAG_INFO 44706
S_FIN_CANNON_BATTLE_FIELD 43341
S_FIN_INTER_PARTY_MATCH 47936
S_FIN_KUMAS_BATTLE_FIELD 47069
S_FIN_ROUND_PVE_BATTLE_FIELD 57629
S_FIN_ROUND_PVE_ROUND 62055
S_FIN_ROUND_PVP_BATTLE_FIELD 56617
S_FIN_SNOW_EVENT_BATTLE_FIELD 62296
S_FIN_STRONGHOLD_OCCUPATION_BATTLE_FIELD 23146
S_FINDNAME 62992
S_FIX_VEHICLE_COMPLETE 35034
S_FIX_VEHICLE_PROGRESS 46966
S_FREENAMED_STATUS 51402
S_FRIEND_LIST 64873
S_GACHA_CANCEL 38295
S_GACHA_END 26189
S_GACHA_START 26150
S_GAMBLE_BEGIN 22531
S_GAMBLE_CHANGE_BET_ITEM 50696
S_GAMBLE_END 47895
S_GAMBLE_RESULT 34316
S_GATE_ATTACK_ALARM 60651
S_GET_AOI_INFO 64570
S_GET_EVENT_MATCHING_EXTRA_REWARD 65501
S_GET_IN_SHUTTLE 48658
S_GET_OUT_SHUTTLE 48861
S_GET_USER_LIST 57220
S_GET_WARE_ITEM 54200
S_GHOST 54455
S_GRANT_SKILL 35670
S_GROUND_EFFECT 53521
S_GROUP_DUEL_CURRENT_BETTING_ITEM 58763
S_GROUP_DUEL_FIN 61855
S_GROUP_DUEL_INIT 65249
S_GROUP_DUEL_RECORD 28079
S_GROUP_NPC_LOCATION 35090
S_GUARD_PK_POLICY 60779
S_GUARDTOWER_ATTACK_ALARM 20446
S_GUILD_ANNOUNCE 65353
S_GUILD_APPLY_LIST 31828
S_GUILD_HISTORY 41228
S_GUILD_INFO 20179
S_GUILD_LEVELUP 61489
S_GUILD_LOG 37101
S_GUILD_MEMBER_LIST 39366
S_GUILD_NAME 56726
S_GUILD_WARE_HISTORY 50451
S_HANCOIN_AMOUNT 26319
S_HIDE_HP 57655
S_HOLD_ABNORMALITY_ADD 35965
S_HOLD_ABNORMALITY_REMOVE 57900
S_IMAGE_DATA 33356
S_INGAME_CHANGE_USER_APPEARANCE_CANCEL 42839
S_INGAME_CHANGE_USER_APPEARANCE_START 56648
S_INGAMESHOP_CATEGORY_BEGIN 35048
S_INGAMESHOP_CATEGORY_DATA 50322
S_INGAMESHOP_CATEGORY_END 28178
S_INGAMESHOP_PRODUCT_BEGIN 48339
S_INGAMESHOP_PRODUCT_DATA 60316
S_INGAMESHOP_PRODUCT_END 38238
S_INGAMESHOP_PRODUCT_ITEMID 40933
S_INGAMESHOP_PRODUCT_SUBPROD 50884
S_INGAMESHOP_PRODUCT_TAG 31368
S_INIT_CANNON_BATTLE_FIELD 50387
S_INIT_KUMAS_BATTLE_FIELD 46698
S_INIT_ROUND_PVE_BATTLE_FIELD 58095
S_INIT_ROUND_PVP_BATTLE_FIELD 65278
S_INIT_SNOW_EVENT_BATTLE_FIELD 52282
S_INIT_STRONGHOLD_OCCUPATION_BATTLE_FIELD 52237
S_INITIALIZE_AWESOMIUM 62176
S_INSTANCE_ARROW 59541
S_INSTANT_DASH 54219
S_INSTANT_MOVE 35092
S_INSTANT_PULL 33681
S_INTEREST_INFO 39648
S_INVEN 49910
S_INVEN_CHANGEDSLOT 26110
S_IS_LORD 51569
S_IS_NOT_LORD 56779
S_ITEM_COLORING_BAG 21262
S_ITEM_CUSTOM_STRING 34111
S_ITEM_DECOMPOSE 53062
S_ITEM_EXTRACT 41854
S_ITEM_IDENTIFY_RESULT 24588
S_ITEM_RESET_RESULT 25011
S_ITEM_UNIDENTIFY_RESULT 53186
S_ITEMSYNTHESIZER_ADD_MATERIAL 20785
S_ITEMSYNTHESIZER_REQUEST_DROP_MATERIAL 59788
S_ITEMSYNTHESIZER_RESULT 63832
S_ITEMSYNTHESIZER_START 37204
S_JOIN_PRIVATE_CHANNEL 63336
S_JOIN_UNION 61119
S_KNOCK_BACK 50388
S_KUMAS_BATTLE_FIELD_BOARD 55202
S_KUMAS_BATTLE_FIELD_LOOT_ITEM 47000
S_KUMAS_BATTLE_FIELD_RESULT 28867
S_LEAVE_GUILD 62410
S_LEAVE_PARTY 42387
S_LEAVE_PARTY_MEMBER 42008
S_LEAVE_PRIVATE_CHANNEL 55544
S_LEAVE_UNION 21508
S_LIST_CHANNEL 52396
S_LIST_PARCEL 48732
S_LIST_PARCEL_EX 65401
S_LOAD_ACHIEVEMENT_LIST 41559
S_LOAD_CHAT_SETTING 34402
S_LOAD_CLIENT_ACCOUNT_SETTING 37537
S_LOAD_CLIENT_USER_SETTING 43476
S_LOAD_DUNGEON_SOUND_HINT 47572
S_LOAD_HINT 53595
S_LOAD_TELEPORT_TO_POS_LIST 41980
S_LOAD_TOPO 45285
S_LOADING_SCREEN_CONTROL_INFO 47772
S_LOCKON_ARROW 62526
S_LOCKON_YOU 47189
S_LOGIN 46441
S_LOGIN_ACCOUNT_INFO 55711
S_LOGIN_ARBITER 63905
S_LOGOUT_PARTY_MEMBER 48603
S_LOOT_DROPITEM 51780
S_LORD_ACHIEVEMENT_ACCOMPLISHED_LIST 55196
S_LORD_CANDIDATE_LIST 33211
S_LORD_CANDIDATE_PLEDGE 34097
S_LORD_GUARD_INFO 53301
S_LORD_OPEN_CANDIDATE_WINDOW 59349
S_LORD_OPEN_REGISTER_WINDOW 32136
S_LORD_OPEN_VOTE_WINDOW 21818
S_LORD_POLICY_SET 52255
S_LORD_RANK_INFO 46637
S_LORD_REGISTER_INFO 61804
S_LORD_TAX_SET 42282
S_LORD_VOTE_CANDIDATE_LIST 41286
S_MAIN_MENU_COMMAND 51195
S_MASSTIGE_STATUS 31424
S_MATERIAL_CHANGE 33316
S_MATERIAL_PARAM_CHANGE 42143
S_MEDAL_STORE_BASKET 63072
S_MEDAL_STORE_SELL_LIST 58293
S_MERGE_PARTY_TO_RAID 55299
S_MINIGAME_END 49454
S_MINIGAME_FAIL 32873
S_MINIGAME_RANK_END_POINT 28408
S_MINIGAME_START 25841
S_MINIGAME_WAIT 48910
S_MODIFY_INTER_PARTY_MATCH_POOL 20513
S_MOUNT_VEHICLE 55860
S_MOUNT_VEHICLE_EX 34687
S_MOVE_DISTANCE_DELTA 21023
S_MOVE_SHUTTLE 28807
S_MUTE 64412
S_MY_CONDITION 59675
S_MY_DESCRIPTION 54536
S_MY_GUILD_INFO 23296
S_MY_PARTY_MATCH_INFO 35945
S_NEED_WAREHOUSE_COMMISION 53849
S_NEW_GOLD_RACE_INFO 42471
S_NOTIFY_BATTLE_FIELD_CHAT_BAN 29120
S_NOTIFY_BATTLE_FIELD_NPC_DESPAWN 36238
S_NOTIFY_BATTLE_FIELD_NPC_SPAWN 51160
S_NOTIFY_CHANGE_CLASS_AND_ELITE 45985
S_NOTIFY_DISCONNECT_BY_LEVEL_LIMIT 48645
S_NOTIFY_QUEST_RESTART 41705
S_NOTIFY_TO_FRIENDS_WALK_INTO_SAME_AREA 23820
S_NOTIFY_VM_STATUS 26876
S_NPC_AI_EVENT 60334
S_NPC_CHANGE_MESH 35264
S_NPC_LOCATION 32918
S_NPC_MENU_SELECT 34150
S_NPC_OCCUPIER_INFO 41357
S_NPC_RESPAWN_PLAN_ALARM 35624
S_NPC_SCALE 34199
S_NPC_SITUATION 53160
S_NPC_STATUS 55036
S_NPC_TARGET_USER 54031
S_NPC_TRANSLATIONZ 38942
S_NPCGUILD_LIST 27785
S_OBTAIN_TOKEN_ITEM 51104
S_OP_COMMAND 53187
S_OPEN_AWESOMIUM_WEB_URL 43940
S_OPEN_BOARD 36887
S_OPEN_CHANGE_CHARACTER_NAME_POPUP 23371
S_OPEN_CREST_WINDOW 36710
S_OPEN_GUARD_INFO_WINDOW 48362
S_OPEN_GUILD_LOGO_WINDOW 44667
S_OPEN_RENAME_GUILD_POPUP 50930
S_OPEN_VM_SELLBUY_WINDOW 40227
S_OPEN_VM_SETTING_WINDOW 50613
S_OTHER_USER_APPLY_PARTY 61853
S_PARCEL_READ_RECV_STATUS 61257
S_PARCEL_REPORT 63261
S_PARTY_INFO 44160
S_PARTY_LOOTING_METHOD 36994
S_PARTY_LOOTING_METHOD_VOTE 40623
S_PARTY_MARKER 51341
S_PARTY_MATCH_LINK 41103
S_PARTY_MEMBER_ABNORMAL_ADD 57516
S_PARTY_MEMBER_ABNORMAL_CLEAR 52115
S_PARTY_MEMBER_ABNORMAL_DEL 53950
S_PARTY_MEMBER_ABNORMAL_REFRESH 32309
S_PARTY_MEMBER_BUFF_UPDATE 46687
S_PARTY_MEMBER_CHANGE_HP 53346
S_PARTY_MEMBER_CHANGE_MP 26998
S_PARTY_MEMBER_CHANGE_STAMINA 56386
S_PARTY_MEMBER_CHARM_ADD 50688
S_PARTY_MEMBER_CHARM_DEL 59432
S_PARTY_MEMBER_CHARM_ENABLE 34266
S_PARTY_MEMBER_CHARM_RESET 46346
S_PARTY_MEMBER_INFO 34082
S_PARTY_MEMBER_INTERVAL_POS_UPDATE 54480
S_PARTY_MEMBER_LIST 31637
S_PARTY_MEMBER_QUEST_DATA 46761
S_PARTY_MEMBER_STAT_UPDATE 64095
S_PARTY_NOTIFY_MY_POSITION 58225
S_PCBANGINVENTORY_DATALIST 52948
S_PET_ATTACKED 29362
S_PET_DURABILITY_CHANGE 50329
S_PET_INCUBATOR_INFO_CHANGE 41727
S_PET_INCUBATOR_PROGRESS 46866
S_PET_INCUBATOR_SHOW 49294
S_PET_INFO_CHANGE 30203
S_PET_INFO_CLEAR 48669
S_PET_MANAGER_SHOW 30904
S_PET_STOP_ALERT 39003
S_PETITION_CANCEL 28335
S_PETITION_CHAT_BEGIN 42409
S_PETITION_CHAT_END 63016
S_PETITION_CHAT_GM_MESSAGE 35441
S_PETITION_CHECK_CREATABLE 52615
S_PETITION_CHECK_SURVEYABLE 28883
S_PETITION_COMPLETE 59177
S_PETITION_CREATE 59528
S_PETITION_FORCE_CREATE 32149
S_PETITION_INFO 47491
S_PING 60879
S_PK_DECLARE 60686
S_PK_DECLARE_COUNT 32366
S_PK_END 25047
S_PK_POINT 54109
S_PK_READY 36027
S_PK_START 35813
S_PK_TAG 41319
S_PLAY_ANIMATION 26470
S_PLAY_EFFECT 63667
S_PLAY_EVENT_SOUND 45900
S_PLAY_MAGNETIC 39382
S_PLAY_MOVIE 61243
S_PLAY_SOUND 46743
S_PLAY_SOUND_BYNAME 56691
S_PLAY_TIME 54613
S_PLAYER_AUTOPILOT 45798
S_PLAYER_AVATAR_STAT_UPDATE 22190
S_PLAYER_CHANGE_ALL_PROF 30018
S_PLAYER_CHANGE_DRAIN 60446
S_PLAYER_CHANGE_EP 23088
S_PLAYER_CHANGE_EXP 55132
S_PLAYER_CHANGE_MP 50421
S_PLAYER_CHANGE_NOCTAN_COUNT 40189
S_PLAYER_CHANGE_PROF 30262
S_PLAYER_CHANGE_STAMINA 60403
S_PLAYER_CHANGE_UNION_SKILL_COUNT 59921
S_PLAYER_CUSTOM_ITEM_SLOT 48738
S_PLAYER_STAT_UPDATE 20016
S_POINT_STORE_BASKET 62927
S_POINT_STORE_SELL_LIST 24704
S_POLITICS_POINT_STORE_BASKET 49250
S_POLITICS_POINT_STORE_SELL_LIST 49000
S_POSITION_SWAP 43826
S_POST_PROCESS 55300
S_POST_PROCESS_MATERIAL 36744
S_PREMIUM_COMPOSE_ADD_ITEM 36250
S_PREMIUM_COMPOSE_DEL_ITEM 33505
S_PREMIUM_COMPOSE_RESET 59467
S_PREMIUM_COMPOSE_RESULT 46133
S_PREMIUM_COMPOSE_START 34163
S_PREMIUM_COMPOSE_UI_INFO 44365
S_PREPARE_CHANGE_USER_APPEARANCE 23642
S_PREPARE_DONE_WORKOBJECT 49729
S_PREPARE_EXIT 38795
S_PREPARE_INGAME_CHANGE_USER_APPEARANCE 60630
S_PREPARE_RETURN_TO_LOBBY 40589
S_PREPARE_SELECT_CHANNEL 59295
S_PREPARE_WORKOBJECT 47198
S_PREVIEW_ITEM 25415
S_PRIVATE_CHAT 44712
S_PRODUCE_CRITICAL 45673
S_PROMOTION_INFO 24851
S_PROMOTION_PROCESS 55159
S_PROMOTION_SUCCESS 22897
S_PUT_INTO_PRISON 55325
S_PUT_WARE_ITEM 45712
S_QA_SET_ADMIN_LEVEL 47013
S_QUEST_BALLOON 58877
S_QUEST_EVENT_MESSAGE 59815
S_QUEST_INFO 45560
S_QUEST_VILLAGER_INFO 35217
S_RANDOM_PASSIVE_LOCK 20095
S_RANK_MESSAGE 38274
S_RANK_POINT_STATUS 21904
S_READY_PULL 43998
S_RECEIVE_TOKEN_TARGET_ITEM 38780
S_RECV_PARCEL 63037
S_REIGN_INFO 52191
S_REJECT_CONTRACT 44459
S_RELEASE_FROM_PRISON 31286
S_REMAIN_PLAY_TIME 47744
S_REMOVE_BLOCKED_USER 31220
S_REMOVE_CHARM_STATUS 60390
S_REMOVE_EFFECT 64149
S_REMOVE_EVENT_MATCHING_QUEST 41381
S_REMOVE_GUILD_GROUP 31445
S_REMOVE_GUILD_MEMBER 49993
S_REMOVE_SOUND_BYNAME 59253
S_RENAME_ITEMSTRING_START 63411
S_REPLY_GUILD_LIST 55908
S_REPLY_NONDB_ITEM_INFO 29674
S_REPLY_REQUEST_CONTRACT 36949
S_REPLY_RET_VILLAGE_INFO 22679
S_REQUEST_CHANNEL_INFO 49101
S_REQUEST_CONTRACT 58337
S_REQUEST_COOLTIME_TO_JOIN_GUILD 39876
S_REQUEST_GUILD_INFO_BEFORE_APPLY_GUILD 42938
S_REQUEST_INGAMESTORE_PRODUCT_DETAIL 36577
S_REQUEST_JOINED_CHANNEL_LIST 46074
S_REQUEST_UPDATE_CUSTOM_USER_CUSTOMIZING 30660
S_REQUEST_WRITE_BOARD_RESULT 62882
S_RESET_CHARM_STATUS 46096
S_RESET_SKILL 33425
S_RESPONSE_GAMESTAT_PONG 60472
S_RESPONSE_PONG 37480
S_RESTORE_CUSTOMIZING_PARTS_SHAPE 61236
S_RESULT_BATTLE_FIELD_CHAT_BAN 39460
S_RESULT_BIDDING_DICE_THROW 27168
S_RESULT_CHANGE_CHARACTER_NAME 56682
S_RESULT_EVENT_SEED 51456
S_RESULT_INGAME_CHANGE_USER_APPEARANCE 24214
S_RESULT_ITEM_BIDDING 49406
S_RESULT_ITEM_COLORING 26757
S_RESULT_MATERIAL_AWAKEN 36429
S_RESULT_RENAME_GUILD 26323
S_RESULT_USABLE_CHARACTER_NAME 25492
S_RESULT_USABLE_GUILD_NAME 20107
S_RETURN_PARCEL 46951
S_RETURN_TO_LOBBY 59637
S_REWARDNPC_SPAWN_ALARM 49442
S_REWRITE_ITEM_STRING 42019
S_RIGHT_ITEM_LIST 26218
S_ROUND_PVE_BATTLE_FIELD_BOARD 55662
S_ROUND_PVE_BATTLE_FIELD_RESULT 24527
S_ROUND_PVE_CLOSE_SKILL_UI 54772
S_ROUND_PVE_OPEN_SKILL_UI 64318
S_ROUND_PVE_SCORE 27252
S_ROUND_PVE_SKILL_INVOKE 47316
S_ROUND_PVP_BATTLE_FIELD_BOARD 47711
S_ROUND_PVP_BATTLE_FIELD_RESULT 27043
S_ROUND_RESULT 21050
S_ROUND_START 48020
S_SELECT_CHANNEL 57908
S_SELECT_EVENT_MATCHING 30950
S_SELECT_USER 42396
S_SEND_CHANGE_REPUTATION_EXP 42455
S_SEND_CHANGE_REPUTATION_POINT 52183
S_SEND_PARCEL 56638
S_SEND_PARCEL_TAX 25025
S_SEND_QUEST_ITEM_INFO 63806
S_SEND_ROUND_PVE_SKILL_LIST 25982
S_SEND_USER_PLAY_TIME 61103
S_SERVANT_ABILITY 41020
S_SERVER_TIME 35185
S_SET_AWESOMIUM_WEB_URL 48604
S_SET_GUILD_JOIN_ACCEPT 20514
S_SET_GUILDWAR_ACCEPTABLE 45644
S_SET_ITEM_BIDDING_FLAG 56771
S_SET_ITEM_STRING 42982
S_SET_KUMAS_BATTLE_FIELD_TREASURE_SCORE 34716
S_SET_NEW_TERA_USER 53241
S_SET_POS 54127
S_SET_RECIPE_BOOKMARK 52058
S_SET_SEND_PARCEL_ITEM 37391
S_SET_SEND_PARCEL_MONEY 32105
S_SET_VISIBLE 45889
S_SET_WORKOBJECT 61749
S_SHORTCUT_CHANGE 49186
S_SHOW_ARTISAN_MENU 34497
S_SHOW_AWESOMIUMWEB_SHOP 49393
S_SHOW_CANDIDATE_LIST 47295
S_SHOW_CHANGE_CHARACTER_UI 46455
S_SHOW_CREST_LEARN 52492
S_SHOW_DEAD_UI 22152
S_SHOW_HP 24882
S_SHOW_ITEM_TOOLTIP 53721
S_SHOW_NPC_TO_MAP 26756
S_SHOW_PARCEL 41293
S_SHOW_PARCEL_MESSAGE 52780
S_SHOW_PARTY_MATCH_INFO 31496
S_SHOW_PEGASUS_MAP 47989
S_SHOW_REVIVE_UI 57802
S_SHOW_TEMPER_WINDOW 35895
S_SHOW_TRADE_ITEM 41267
S_SHOW_TRADE_LOG 62728
S_SIMPLE_TIP_REPEAT_CHECK 22222
S_SKILL_ATTENTION_TARGET 28564
S_SKILL_CATEGORY 36676
S_SKILL_CHASE_EFFECT_TARGET 34700
S_SKILL_FORGET 32066
S_SKILL_LEARN_LIST 40909
S_SKILL_LEARN_RESULT 56502
S_SKILL_LIST 34381
S_SKILL_PERIOD 62657
S_SKILL_TARGETING_AREA 40795
S_SNOW_EVENT_BATTLE_FIELD_BOARD 63151
S_SNOW_EVENT_BATTLE_FIELD_RESULT 22967
S_SNOW_EVENT_BATTLE_FIELD_SPAWN_USER 62791
S_SOCIAL 42046
S_SOCIAL_CANCEL 22035
S_SOCIAL_FORGET 46167
S_SOCIAL_LEARN_RESULT 47127
S_SPAWN_BONFIRE 32922
S_SPAWN_BUILD_OBJECT 51624
S_SPAWN_COLLECTION 46270
S_SPAWN_DARK_RIFT_CLOUD 60253
S_SPAWN_DOOR 33177
S_SPAWN_DROPITEM 38491
S_SPAWN_EVENT_SEED 60150
S_SPAWN_GAMBLE_BOX 51511
S_SPAWN_ME 39407
S_SPAWN_NPC 51924
S_SPAWN_PET 39332
S_SPAWN_PROJECTILE 61252
S_SPAWN_SERVANT 35718
S_SPAWN_SHUTTLE 24572
S_SPAWN_USER 27176
S_SPAWN_WORKOBJECT 40630
S_STAGE_RESULT 41790
S_STAGE_START 61721
S_START_ACTION_SCRIPT 29571
S_START_CHANGE_USER_APPEARANCE 43314
S_START_CHAT_BAN 44203
S_START_CHAT_BAN_INFINITY 50223
S_START_CLIMBING 57675
S_START_COMMANDER_SKILL 54479
S_START_COOLTIME_ITEM 64619
S_START_COOLTIME_SKILL 56076
S_START_CUSTOMIZING_PARTS_SHAPE 20663
S_START_DRIVE_AIRSHIP 64100
S_START_FIX_VEHICLE 28028
S_START_GUILD_WAR 51417
S_START_INVERSE_CAPTURE 51045
S_START_LEVEL_COMPENSATION 53209
S_START_PEGASUS 38498
S_START_PRODUCE 38879
S_START_ROUND_PVE_ROUND 43206
S_START_UNION_POST_ACTION_SCRIPT 59613
S_START_USER_PROJECTILE 58468
S_START_VM_BUY 56030
S_START_VM_SELL 45615
S_STEER_DEBUG_COMMAND 42255
S_STOP_VM 28909
S_STORE_BASKET 49363
S_STORE_COMMIT 56462
S_STORE_SELL_LIST 42559
S_STR_EVALUATE_LIST 53061
S_STRONGHOLD_OCCUPATION_BATTLE_FIELD_BOARD 41382
S_STRONGHOLD_OCCUPATION_BATTLE_FIELD_STRONGHOLD_INFO 60546
S_SUCCESS_COUNTER 65147
S_SUGGEST_DARK_RIFT_PARTY_MATCHING 50892
S_SUGGEST_UNION_POST_PARTY_MATCHING 48055
S_SURVEY_QUESTION 20879
S_SWITCH_INFO 36695
S_SYNC_PEGASUS_TIME 51114
S_SYS_PARTY_INFO 55721
S_SYSTEM_MESSAGE 41740
S_SYSTEM_MESSAGE_CUSTOM 61588
S_SYSTEM_MESSAGE_LOOT_ITEM 45061
S_SYSTEM_MESSAGE_LOOT_SPECIAL_ITEM 51359
S_SYSTEM_REWARD_MESSAGE 63273
S_TARGET_INFO 65388
S_TASK_INFO_GUARD 30278
S_TELEPORT_TO_CAMP 49477
S_TEMPER_MATERIALS 30371
S_TEMPER_RESULT 37742
S_TIMEOVER_CONTRACT 25172
S_TOGGLE_TASK_INFO_WINDOW 39759
S_TOKEN_POINT_STATUS 59725
S_TOTAL_GUILD_WAR_DATA 35682
S_TRADE_ACCEPT 63606
S_TRADE_BAG_CLOSE 54676
S_TRADE_BAG_DONE 30017
S_TRADE_BOX 25311
S_TRADE_BROKER_BOUGHT_ITEM_LIST 40561
S_TRADE_BROKER_BUY_IT_NOW 36094
S_TRADE_BROKER_CALC_BOUGHT_ITEM 61669
S_TRADE_BROKER_CALC_NOTIFY 56128
S_TRADE_BROKER_CALC_SOLD_ITEM 49021
S_TRADE_BROKER_DEAL_INFO_UPDATE 54662
S_TRADE_BROKER_DEAL_SUGGESTED 25951
S_TRADE_BROKER_HIGHEST_ITEM_LEVEL 27497
S_TRADE_BROKER_HISTORY_ITEM_LIST 23208
S_TRADE_BROKER_INPUT_PRICE 57923
S_TRADE_BROKER_REGISTERED_ITEM_LIST 54108
S_TRADE_BROKER_REQUEST_DEAL_RESULT 37890
S_TRADE_BROKER_SOLD_ITEM_LIST 53727
S_TRADE_BROKER_SUGGEST_DEAL 31803
S_TRADE_BROKER_WAITING_ITEM_LIST 50605
S_TRADE_MESSAGE 56054
S_TRANSFER_KUMAS_BATTLE_FIELD_TREASURE 31658
S_TUTORIAL_PLAY_FINISHED 47800
S_UNBIND_ITEM_RESULT 41127
S_UNEQUIP_ITEM 41051
S_UNIDENTIFY_EXECUTE 31013
S_UNION_ATTACKED_FORCE_STONE_POS 54505
S_UNION_CHANGE 43431
S_UNION_CHANGE_NOTICE 23810
S_UNION_CHANGE_TAXRATE 24610
S_UNION_COLLECTED_EXTRACTOR_POS 26371
S_UNION_COMPETITION 59474
S_UNION_CONSUL_AUTHORITY_INFO 60209
S_UNION_CP_STORE_BASKET 58047
S_UNION_CP_STORE_SELL_LIST 56265
S_UNION_GET_MYHISTORY 62008
S_UNION_MYUNION 38054
S_UNION_MYUNION_CONSUL_SKILL_LIST 27188
S_UNION_PK 39803
S_UNION_POLICY_INFO 24806
S_UNION_POLITICAL_INFO 23752
S_UNION_POST_BATTLE_INFO 59773
S_UNION_POST_BATTLE_RESULT 59348
S_UNION_POST_CHANGE_PK_CP 49243
S_UNION_PRE_CONSUL_LIST 35538
S_UNION_SHARE_MONEY 21761
S_UNION_SHARE_MONEY_CONFIRM 36587
S_UNION_SHARE_MONEY_INFO 48792
S_UNION_SHARE_POINT 44392
S_UNION_SHARE_POINT_INFO 54706
S_UNION_SPAWN_MY_EXTRACTOR 58648
S_UNION_START_EXILE_COUNT_FROM_LAWLESS_AREA 62578
S_UNION_START_SKILL 32419
S_UNION_STATE_INFO 42991
S_UNION_STATE_UPDATE 48463
S_UNION_SUMMARY 58053
S_UNION_TAX_WITHDRAW_INFO 60358
S_UNION_TAX_WITHDRAW_RESULT 38935
S_UNMOUNT_VEHICLE 46129
S_UNMOUNT_VEHICLE_EX 49450
S_UPDATE_ACHIEVEMENT_PROGRESS 65043
S_UPDATE_BIDDING_COUNT 35465
S_UPDATE_EVENT_SEED_STATE 54952
S_UPDATE_EXP_LEVEL 10040
S_UPDATE_FRIEND_INFO 29437
S_UPDATE_GAMBLE_BOX_STATE 61494
S_UPDATE_GUILD_GROUP 44218
S_UPDATE_GUILD_MEMBER 48012
S_UPDATE_KUMAS_BATTLE_FIELD_TREASURE_INFO 63540
S_UPDATE_LICENSE 10038
S_UPDATE_NPCGUILD 52950
S_UPDATE_PARTY_MEMBER_QUEST_DATA 48480
S_UPDATE_PRODUCE 41554
S_UPDATE_PROF_BUG 10043
S_UPDATE_PROF_ENERGY 10044
S_UPDATE_PROF_HERB 10045
S_UPDATE_PROF_MINERAL 10042
S_UPDATE_QUEST 45236
S_UPDATE_USER_PKDECLARECOUNT 10047
S_UPDATE_USER_PKDECLARECOUNT2 10154
S_UPDATE_USER_PKPOINT 10049
S_UPDATE_VM_SELLBUY_WINDOW 61023
S_UPDATE_VM_SETTING_WINDOW 64569
S_UPDATE_VM_STATUS 30824
S_USE_CHRONOSCROLL_RESULT 50725
S_USE_COUPON 53290
S_USE_RIGHT_ITEM 44355
S_USER_AIM 65497
S_USER_APPEARANCE_CHANGE 59797
S_USER_BLOCK_LIST 65355
S_USER_CHANGE_NAME 48830
S_USER_EFFECT 34285
S_USER_EXTERNAL_CHANGE 59016
S_USER_ITEM_EQUIP_CHANGER 40770
S_USER_ITEMLEVEL_INFO 44890
S_USER_LEVELUP 39476
S_USER_LOCATION 44504
S_USER_PAPERDOLL_INFO 42545
S_USER_REPORT 50802
S_USER_SITUATION 46890
S_USER_STATUS 39757
S_VEHICLE_EX_ARROW 47431
S_VERSION_INFO 43986
S_VIEW_BATTLE_FIELD_RANKING 42543
S_VIEW_BATTLE_FIELD_RANKING_SERVER_LIST 29293
S_VIEW_BATTLE_FIELD_RESULT 47015
S_VIEW_COMBINE_BATTLE_FIELD_RANKING 47388
S_VIEW_GUILD_WAR 38836
S_VIEW_INTER_PARTY_MATCH_BATTLEFIELD_LIST 42776
S_VIEW_INTER_PARTY_MATCH_DUNGOEN_LIST 60123
S_VIEW_MY_GUILD_WAR 32356
S_VIEW_UNION_INFO 33101
S_VIEW_VM_SETTING_WINDOW 64447
S_VIEW_WARE 52031
S_VIEW_WARE_EX 27346
S_VILLAGE_LIST_TO_TELEPORT 45670
S_VILLAGER_BUFF_INFO 45501
S_VILLAGER_POPUP_DIALOG 46903
S_VIRTUAL_LATENCY 20305
S_VISIT_NEW_SECTION 62307
S_VISIT_NEW_TEL_CAMP 40193
S_VISITED_SECTION_LIST 32596
S_VM_BUY_BASKET_INFO 39245
S_VM_SELL_BASKET_INFO 64018
S_VOID_GUARD_INFO 27854
S_VOTE_DISMISS_PARTY 61518
S_VOTE_HISTORY 40681
S_VOTE_RESET_ALL_DUNGEON 33908
S_WAITING_LIST 48015
S_WATCHED_MOVIES 22160
S_WELCOME_PET_OWNER 33764
S_WHISPER 40123
S_WORK_WORKOBJECT 28326
S_WORLD_QUEST_VILLAGER_INFO 36785